Compiling 5 files with Solc 0.8.24
Solc 0.8.24 finished in 2.77s
Compiler run successful with warnings:
Warning (2072): Unused local variable.
   --> test/Governance.t.sol:160:9:
    |
160 |         uint256 proposalId = governor.propose(targets, values, calldatas, description);
    |         ^^^^^^^^^^^^^^^^^^

Warning (2018): Function state mutability can be restricted to view
  --> test/Governance.t.sol:80:5:
   |
80 |     function testInitialDistribution() public {
   |     ^ (Relevant source part starts here and spans across multiple lines).

Warning (2018): Function state mutability can be restricted to view
   --> test/Governance.t.sol:331:5:
    |
331 |     function testGovernorSettings() public {
    |     ^ (Relevant source part starts here and spans across multiple lines).

Warning (2018): Function state mutability can be restricted to view
   --> test/Governance.t.sol:337:5:
    |
337 |     function testTimelockMinDelay() public {
    |     ^ (Relevant source part starts here and spans across multiple lines).


Ran 20 tests for test/Governance.t.sol:GovernanceTest
[PASS] testDelegateToOther() (gas: 73678)
[PASS] testDelegation() (gas: 73677)
[PASS] testExecuteBeforeTimelockDelay() (gas: 258548)
[PASS] testFullProposalLifecycle() (gas: 276267)
[PASS] testGovernorSettings() (gas: 13892)
[PASS] testInitialDistribution() (gas: 15611)
[PASS] testPermit() (gas: 185)
[PASS] testProposalCanceled() (gas: 76260)
[PASS] testProposalDefeated() (gas: 143979)
[PASS] testProposalFailureQuorum() (gas: 86196)
[PASS] testProposeWithoutEnoughVotes() (gas: 14832)
[PASS] testQueueBeforeVotingEnds() (gas: 66980)
[PASS] testTimelockMinDelay() (gas: 7664)
[PASS] testTreasuryTransfer() (gas: 286519)
[PASS] testTreasuryWithdrawToken() (gas: 324926)
[PASS] testVestingFull() (gas: 71736)
[PASS] testVestingHalfway() (gas: 76897)
[PASS] testVestingStart() (gas: 16758)
[PASS] testVoteAbstain() (gas: 124192)
[PASS] testVotingPowerSnapshots() (gas: 98804)
Suite result: ok. 20 passed; 0 failed; 0 skipped; finished in 2.10ms (7.07ms CPU time)

Ran 2 tests for test/Counter.t.sol:CounterTest
[PASS] testFuzz_SetNumber(uint256) (runs: 256, ╬╝: 27968, ~: 28435)
[PASS] test_Increment() (gas: 28448)
Suite result: ok. 2 passed; 0 failed; 0 skipped; finished in 4.43ms (3.98ms CPU time)

Ran 2 test suites in 11.23ms (6.53ms CPU time): 22 tests passed, 0 failed, 0 skipped (22 total tests)
